mplib error -- read_atom() - Cannot read atoms of type 'harmonic'
mplib warning -- MP_Book_C::load() - Failed to read an atom. This atom will be skipped.
mplib error -- read_atom() - Cannot scan the atom type (in binary mode).
mplib warning -- MP_Book_C::load() - Failed to read an atom. This atom will be skipped.
mplib error -- read_atom() - Cannot scan the atom type (in binary mode).
mplib warning -- MP_Book_C::load() - Failed to read an atom. This atom will be skipped.
mplib error -- read_atom() - Cannot scan the atom type (in binary mode).
mplib warning -- MP_Book_C::load() - Failed to read an atom. This atom will be skipped.
mplib error -- read_atom() - Cannot scan the atom type (in binary mode).
mplib warning -- MP_Book_C::load() - Failed to read an atom. This atom will be skipped.
mplib error -- read_atom() - Cannot scan the atom type (in binary mode).
mplib warning -- MP_Book_C::load() - Failed to read an atom. This atom will be skipped.
mplib error -- read_atom() - Cannot scan the atom type (in binary mode).
mplib warning -- MP_Book_C::load() - Failed to read an atom. This atom will be skipped.
mplib error -- read_atom() - Cannot scan the atom type (in binary mode).
mplib warning -- MP_Book_C::load() - Failed to read an atom. This atom will be skipped.
mplib error -- read_atom() - Cannot scan the atom type (in binary mode).
mplib warning -- MP_Book_C::load() - Failed to read an atom. This atom will be skipped.
mplib error -- read_atom() - Cannot scan the atom type (in binary mode).
mplib warning -- MP_Book_C::load() - Failed to read an atom. This atom will be skipped.
mplib error -- read_atom() - Cannot scan the atom type (in binary mode).
mplib warning -- MP_Book_C::load() - Failed to read an atom. This atom will be skipped.
mplib error -- read_atom() - Cannot scan the atom type (in binary mode).
mplib warning -- MP_Book_C::load() - Failed to read an atom. This atom will be skipped.
mplib error -- read_atom() - Cannot scan the atom type (in binary mode).
mplib warning -- MP_Book_C::load() - Failed to read an atom. This atom will be skipped.
mplib error -- read_atom() - Cannot scan the atom type (in binary mode).
mplib warning -- MP_Book_C::load() - Failed to read an atom. This atom will be skipped.
mplib error -- read_atom() - Cannot scan the atom type (in binary mode).
mplib warning -- MP_Book_C::load() - Failed to read an atom. This atom will be skipped.
mplib error -- read_atom() - Cannot scan the atom type (in binary mode).
mplib warning -- MP_Book_C::load() - Failed to read an atom. This atom will be skipped.
mplib error -- read_atom() - Cannot scan the atom type (in binary mode).
mplib warning -- MP_Book_C::load() - Failed to read an atom. This atom will be skipped.
mplib error -- read_atom() - Cannot scan the atom type (in binary mode).
mplib warning -- MP_Book_C::load() - Failed to read an atom. This atom will be skipped.
mplib error -- read_atom() - Cannot scan the atom type (in binary mode).
mplib warning -- MP_Book_C::load() - Failed to read an atom. This atom will be skipped.
mplib error -- read_atom() - Cannot read atoms of type 'm'
mplib warning -- MP_Book_C::load() - Failed to read an atom. This atom will be skipped.
mplib error -- read_atom() - Cannot scan the atom type (in binary mode).
mplib warning -- MP_Book_C::load() - Failed to read an atom. This atom will be skipped.
mplib error -- read_atom() - Cannot scan the atom type (in binary mode).
mplib warning -- MP_Book_C::load() - Failed to read an atom. This atom will be skipped.
mplib error -- read_atom() - Cannot scan the atom type (in binary mode).
mplib warning -- MP_Book_C::load() - Failed to read an atom. This atom will be skipped.
mplib error -- read_atom() - Cannot scan the atom type (in binary mode).
mplib warning -- MP_Book_C::load() - Failed to read an atom. This atom will be skipped.
mplib error -- read_atom() - Cannot scan the atom type (in binary mode).
mplib warning -- MP_Book_C::load() - Failed to read an atom. This atom will be skipped.
mplib error -- read_atom() - Cannot scan the atom type (in binary mode).
mplib warning -- MP_Book_C::load() - Failed to read an atom. This atom will be skipped.
mplib error -- read_atom() - Cannot scan the atom type (in binary mode).
mplib warning -- MP_Book_C::load() - Failed to read an atom. This atom will be skipped.
mplib error -- read_atom() - Cannot scan the atom type (in binary mode).
mplib warning -- MP_Book_C::load() - Failed to read an atom. This atom will be skipped.
mplib error -- read_atom() - Cannot scan the atom type (in binary mode).
mplib warning -- MP_Book_C::load() - Failed to read an atom. This atom will be skipped.
mplib error -- read_atom() - Cannot scan the atom type (in binary mode).
mplib warning -- MP_Book_C::load() - Failed to read an atom. This atom will be skipped.
mplib error -- read_atom() - Cannot scan the atom type (in binary mode).
mplib warning -- MP_Book_C::load() - Failed to read an atom. This atom will be skipped.
mplib error -- read_atom() - Cannot scan the atom type (in binary mode).
mplib warning -- MP_Book_C::load() - Failed to read an atom. This atom will be skipped.
mplib error -- read_atom() - Cannot scan the atom type (in binary mode).
mplib warning -- MP_Book_C::load() - Failed to read an atom. This atom will be skipped.
mplib error -- read_atom() - Cannot scan the atom type (in binary mode).
mplib warning -- MP_Book_C::load() - Failed to read an atom. This atom will be skipped.
mplib error -- read_atom() - Cannot scan the atom type (in binary mode).
mplib warning -- MP_Book_C::load() - Failed to read an atom. This atom will be skipped.
mplib error -- read_atom() - Cannot scan the atom type (in binary mode).
mplib warning -- MP_Book_C::load() - Failed to read an atom. This atom will be skipped.
mplib error -- read_atom() - Cannot scan the atom type (in binary mode).
mplib warning -- MP_Book_C::load() - Failed to read an atom. This atom will be skipped.
mplib error -- read_atom() - Cannot scan the atom type (in binary mode).
mplib warning -- MP_Book_C::load() - Failed to read an atom. This atom will be skipped.
mplib error -- read_atom() - Cannot scan the atom type (in binary mode).
mplib warning -- MP_Book_C::load() - Failed to read an atom. This atom will be skipped.
mplib error -- read_atom() - Cannot scan the atom type (in binary mode).
mplib warning -- MP_Book_C::load() - Failed to read an atom. This atom will be skipped.
mplib error -- read_atom() - Cannot scan the atom type (in binary mode).
mplib warning -- MP_Book_C::load() - Failed to read an atom. This atom will be skipped.
mplib error -- read_atom() - Cannot scan the atom type (in binary mode).
mplib warning -- MP_Book_C::load() - Failed to read an atom. This atom will be skipped.
mplib error -- read_atom() - Cannot scan the atom type (in binary mode).
mplib warning -- MP_Book_C::load() - Failed to read an atom. This atom will be skipped.
mplib error -- read_atom() - Cannot scan the atom type (in binary mode).
mplib warning -- MP_Book_C::load() - Failed to read an atom. This atom will be skipped.
mplib error -- read_atom() - Cannot scan the atom type (in binary mode).
mplib warning -- MP_Book_C::load() - Failed to read an atom. This atom will be skipped.
mplib error -- read_atom() - Cannot scan the atom type (in binary mode).
mplib warning -- MP_Book_C::load() - Failed to read an atom. This atom will be skipped.
mplib error -- read_atom() - Cannot scan the atom type (in binary mode).
mplib warning -- MP_Book_C::load() - Failed to read an atom. This atom will be skipped.
mplib error -- read_atom() - Cannot scan the atom type (in binary mode).
mplib warning -- MP_Book_C::load() - Failed to read an atom. This atom will be skipped.
mplib error -- read_atom() - Cannot scan the atom type (in binary mode).
mplib warning -- MP_Book_C::load() - Failed to read an atom. This atom will be skipped.
mplib error -- read_atom() - Cannot scan the atom type (in binary mode).
mplib warning -- MP_Book_C::load() - Failed to read an atom. This atom will be skipped.
mplib error -- read_atom() - Cannot scan the atom type (in binary mode).
mplib warning -- MP_Book_C::load() - Failed to read an atom. This atom will be skipped.
mplib error -- read_atom() - Cannot scan the atom type (in binary mode).
mplib warning -- MP_Book_C::load() - Failed to read an atom. This atom will be skipped.
mplib error -- read_atom() - Cannot scan the atom type (in binary mode).
mplib warning -- MP_Book_C::load() - Failed to read an atom. This atom will be skipped.
mplib error -- read_atom() - Cannot scan the atom type (in binary mode).
mplib warning -- MP_Book_C::load() - Failed to read an atom. This atom will be skipped.
mplib error -- read_atom() - Cannot scan the atom type (in binary mode).
mplib warning -- MP_Book_C::load() - Failed to read an atom. This atom will be skipped.
mplib error -- read_atom() - Cannot scan the atom type (in binary mode).
mplib warning -- MP_Book_C::load() - Failed to read an atom. This atom will be skipped.
mplib error -- read_atom() - Cannot scan the atom type (in binary mode).
mplib warning -- MP_Book_C::load() - Failed to read an atom. This atom will be skipped.
mplib error -- read_atom() - Cannot scan the atom type (in binary mode).
mplib warning -- MP_Book_C::load() - Failed to read an atom. This atom will be skipped.
mplib error -- read_atom() - Cannot scan the atom type (in binary mode).
mplib warning -- MP_Book_C::load() - Failed to read an atom. This atom will be skipped.
mplib error -- read_atom() - Cannot scan the atom type (in binary mode).
mplib warning -- MP_Book_C::load() - Failed to read an atom. This atom will be skipped.
mplib error -- read_atom() - Cannot scan the atom type (in binary mode).
mplib warning -- MP_Book_C::load() - Failed to read an atom. This atom will be skipped.
mplib error -- read_atom() - Cannot scan the atom type (in binary mode).
mplib warning -- MP_Book_C::load() - Failed to read an atom. This atom will be skipped.
mplib error -- read_atom() - Cannot scan the atom type (in binary mode).
mplib warning -- MP_Book_C::load() - Failed to read an atom. This atom will be skipped.
mplib error -- read_atom() - Cannot scan the atom type (in binary mode).
mplib warning -- MP_Book_C::load() - Failed to read an atom. This atom will be skipped.
mplib error -- read_atom() - Cannot scan the atom type (in binary mode).
mplib warning -- MP_Book_C::load() - Failed to read an atom. This atom will be skipped.
mplib error -- read_atom() - Cannot scan the atom type (in binary mode).
mplib warning -- MP_Book_C::load() - Failed to read an atom. This atom will be skipped.
mplib error -- read_atom() - Cannot scan the atom type (in binary mode).
mplib warning -- MP_Book_C::load() - Failed to read an atom. This atom will be skipped.
mplib error -- read_atom() - Cannot scan the atom type (in binary mode).
mplib warning -- MP_Book_C::load() - Failed to read an atom. This atom will be skipped.
mplib error -- read_atom() - Cannot scan the atom type (in binary mode).
mplib warning -- MP_Book_C::load() - Failed to read an atom. This atom will be skipped.
mplib error -- read_atom() - Cannot scan the atom type (in binary mode).
mplib warning -- MP_Book_C::load() - Failed to read an atom. This atom will be skipped.
mplib error -- read_atom() - Cannot scan the atom type (in binary mode).
mplib warning -- MP_Book_C::load() - Failed to read an atom. This atom will be skipped.
mplib error -- read_atom() - Cannot scan the atom type (in binary mode).
mplib warning -- MP_Book_C::load() - Failed to read an atom. This atom will be skipped.
mplib error -- read_atom() - Cannot scan the atom type (in binary mode).
mplib warning -- MP_Book_C::load() - Failed to read an atom. This atom will be skipped.
mplib error -- read_atom() - Cannot scan the atom type (in binary mode).
mplib warning -- MP_Book_C::load() - Failed to read an atom. This atom will be skipped.
mplib error -- read_atom() - Cannot scan the atom type (in binary mode).
mplib warning -- MP_Book_C::load() - Failed to read an atom. This atom will be skipped.
mplib error -- read_atom() - Cannot scan the atom type (in binary mode).
mplib warning -- MP_Book_C::load() - Failed to read an atom. This atom will be skipped.
mplib error -- read_atom() - Cannot scan the atom type (in binary mode).
mplib warning -- MP_Book_C::load() - Failed to read an atom. This atom will be skipped.
mplib error -- read_atom() - Cannot scan the atom type (in binary mode).
mplib warning -- MP_Book_C::load() - Failed to read an atom. This atom will be skipped.
mplib error -- read_atom() - Cannot scan the atom type (in binary mode).
mplib warning -- MP_Book_C::load() - Failed to read an atom. This atom will be skipped.
mplib error -- read_atom() - Cannot scan the atom type (in binary mode).
mplib warning -- MP_Book_C::load() - Failed to read an atom. This atom will be skipped.
mplib error -- read_atom() - Cannot scan the atom type (in binary mode).
mplib warning -- MP_Book_C::load() - Failed to read an atom. This atom will be skipped.
mplib error -- read_atom() - Cannot scan the atom type (in binary mode).
mplib warning -- MP_Book_C::load() - Failed to read an atom. This atom will be skipped.
mplib error -- read_atom() - Cannot scan the atom type (in binary mode).
mplib warning -- MP_Book_C::load() - Failed to read an atom. This atom will be skipped.
mplib error -- read_atom() - Cannot scan the atom type (in binary mode).
mplib warning -- MP_Book_C::load() - Failed to read an atom. This atom will be skipped.
mplib error -- read_atom() - Cannot scan the atom type (in binary mode).
mplib warning -- MP_Book_C::load() - Failed to read an atom. This atom will be skipped.
mplib error -- read_atom() - Cannot scan the atom type (in binary mode).
mplib warning -- MP_Book_C::load() - Failed to read an atom. This atom will be skipped.
mplib error -- read_atom() - Cannot scan the atom type (in binary mode).
mplib warning -- MP_Book_C::load() - Failed to read an atom. This atom will be skipped.
mplib error -- read_atom() - Cannot scan the atom type (in binary mode).
mplib warning -- MP_Book_C::load() - Failed to read an atom. This atom will be skipped.
mplib error -- read_atom() - Cannot scan the atom type (in binary mode).
mplib warning -- MP_Book_C::load() - Failed to read an atom. This atom will be skipped.
mplib error -- read_atom() - Cannot scan the atom type (in binary mode).
mplib warning -- MP_Book_C::load() - Failed to read an atom. This atom will be skipped.
mplib error -- read_atom() - Cannot scan the atom type (in binary mode).
mplib warning -- MP_Book_C::load() - Failed to read an atom. This atom will be skipped.
mplib error -- read_atom() - Cannot scan the atom type (in binary mode).
mplib warning -- MP_Book_C::load() - Failed to read an atom. This atom will be skipped.
mplib error -- read_atom() - Cannot scan the atom type (in binary mode).
mplib warning -- MP_Book_C::load() - Failed to read an atom. This atom will be skipped.
mplib error -- read_atom() - Cannot scan the atom type (in binary mode).
mplib warning -- MP_Book_C::load() - Failed to read an atom. This atom will be skipped.
mplib error -- read_atom() - Cannot scan the atom type (in binary mode).
mplib warning -- MP_Book_C::load() - Failed to read an atom. This atom will be skipped.
mplib error -- read_atom() - Cannot scan the atom type (in binary mode).
mplib warning -- MP_Book_C::load() - Failed to read an atom. This atom will be skipped.
mplib error -- read_atom() - Cannot scan the atom type (in binary mode).
mplib warning -- MP_Book_C::load() - Failed to read an atom. This atom will be skipped.
mplib error -- read_atom() - Cannot scan the atom type (in binary mode).
mplib warning -- MP_Book_C::load() - Failed to read an atom. This atom will be skipped.
mplib error -- read_atom() - Cannot scan the atom type (in binary mode).
mplib warning -- MP_Book_C::load() - Failed to read an atom. This atom will be skipped.
mplib error -- read_atom() - Cannot scan the atom type (in binary mode).
mplib warning -- MP_Book_C::load() - Failed to read an atom. This atom will be skipped.
mplib error -- read_atom() - Cannot scan the atom type (in binary mode).
mplib warning -- MP_Book_C::load() - Failed to read an atom. This atom will be skipped.
mplib error -- read_atom() - Cannot scan the atom type (in binary mode).
mplib warning -- MP_Book_C::load() - Failed to read an atom. This atom will be skipped.
mplib error -- read_atom() - Cannot scan the atom type (in binary mode).
mplib warning -- MP_Book_C::load() - Failed to read an atom. This atom will be skipped.
mplib error -- read_atom() - Cannot scan the atom type (in binary mode).
mplib warning -- MP_Book_C::load() - Failed to read an atom. This atom will be skipped.
mplib error -- read_atom() - Cannot scan the atom type (in binary mode).
mplib warning -- MP_Book_C::load() - Failed to read an atom. This atom will be skipped.
mplib error -- read_atom() - Cannot scan the atom type (in binary mode).
mplib warning -- MP_Book_C::load() - Failed to read an atom. This atom will be skipped.
mplib error -- read_atom() - Cannot scan the atom type (in binary mode).
mplib warning -- MP_Book_C::load() - Failed to read an atom. This atom will be skipped.
mplib error -- read_atom() - Cannot scan the atom type (in binary mode).
mplib warning -- MP_Book_C::load() - Failed to read an atom. This atom will be skipped.
mplib error -- read_atom() - Cannot scan the atom type (in binary mode).
mplib warning -- MP_Book_C::load() - Failed to read an atom. This atom will be skipped.
mplib error -- read_atom() - Cannot scan the atom type (in binary mode).
mplib warning -- MP_Book_C::load() - Failed to read an atom. This atom will be skipped.
mplib error -- read_atom() - Cannot scan the atom type (in binary mode).
mplib warning -- MP_Book_C::load() - Failed to read an atom. This atom will be skipped.
mplib error -- read_atom() - Cannot scan the atom type (in binary mode).
mplib warning -- MP_Book_C::load() - Failed to read an atom. This atom will be skipped.
mplib error -- read_atom() - Cannot scan the atom type (in binary mode).
mplib warning -- MP_Book_C::load() - Failed to read an atom. This atom will be skipped.
mplib error -- read_atom() - Cannot scan the atom type (in binary mode).
mplib warning -- MP_Book_C::load() - Failed to read an atom. This atom will be skipped.
mplib error -- read_atom() - Cannot scan the atom type (in binary mode).
mplib warning -- MP_Book_C::load() - Failed to read an atom. This atom will be skipped.
mplib error -- read_atom() - Cannot scan the atom type (in binary mode).
mplib warning -- MP_Book_C::load() - Failed to read an atom. This atom will be skipped.
mplib error -- read_atom() - Cannot scan the atom type (in binary mode).
mplib warning -- MP_Book_C::load() - Failed to read an atom. This atom will be skipped.
mplib error -- read_atom() - Cannot scan the atom type (in binary mode).
mplib warning -- MP_Book_C::load() - Failed to read an atom. This atom will be skipped.
mplib error -- read_atom() - Cannot scan the atom type (in binary mode).
mplib warning -- MP_Book_C::load() - Failed to read an atom. This atom will be skipped.
mplib error -- read_atom() - Cannot scan the atom type (in binary mode).
mplib warning -- MP_Book_C::load() - Failed to read an atom. This atom will be skipped.
mplib error -- read_atom() - Cannot scan the atom type (in binary mode).
mplib warning -- MP_Book_C::load() - Failed to read an atom. This atom will be skipped.
mplib error -- read_atom() - Cannot scan the atom type (in binary mode).
mplib warning -- MP_Book_C::load() - Failed to read an atom. This atom will be skipped.
mplib error -- read_atom() - Cannot scan the atom type (in binary mode).
mplib warning -- MP_Book_C::load() - Failed to read an atom. This atom will be skipped.
mplib error -- read_atom() - Cannot scan the atom type (in binary mode).
mplib warning -- MP_Book_C::load() - Failed to read an atom. This atom will be skipped.
mplib error -- read_atom() - Cannot scan the atom type (in binary mode).
mplib warning -- MP_Book_C::load() - Failed to read an atom. This atom will be skipped.
mplib error -- read_atom() - Cannot scan the atom type (in binary mode).
mplib warning -- MP_Book_C::load() - Failed to read an atom. This atom will be skipped.
mplib error -- read_atom() - Cannot scan the atom type (in binary mode).
mplib warning -- MP_Book_C::load() - Failed to read an atom. This atom will be skipped.
mplib error -- read_atom() - Cannot scan the atom type (in binary mode).
mplib warning -- MP_Book_C::load() - Failed to read an atom. This atom will be skipped.
mplib error -- read_atom() - Cannot scan the atom type (in binary mode).
mplib warning -- MP_Book_C::load() - Failed to read an atom. This atom will be skipped.
mplib error -- read_atom() - Cannot scan the atom type (in binary mode).
mplib warning -- MP_Book_C::load() - Failed to read an atom. This atom will be skipped.
mplib error -- read_atom() - Cannot scan the atom type (in binary mode).
mplib warning -- MP_Book_C::load() - Failed to read an atom. This atom will be skipped.
mplib error -- read_atom() - Cannot scan the atom type (in binary mode).
mplib warning -- MP_Book_C::load() - Failed to read an atom. This atom will be skipped.
mplib error -- read_atom() - Cannot scan the atom type (in binary mode).
mplib warning -- MP_Book_C::load() - Failed to read an atom. This atom will be skipped.
mplib error -- read_atom() - Cannot scan the atom type (in binary mode).
mplib warning -- MP_Book_C::load() - Failed to read an atom. This atom will be skipped.
mplib error -- read_atom() - Cannot scan the atom type (in binary mode).
mplib warning -- MP_Book_C::load() - Failed to read an atom. This atom will be skipped.
mplib error -- read_atom() - Cannot scan the atom type (in binary mode).
mplib warning -- MP_Book_C::load() - Failed to read an atom. This atom will be skipped.
mplib error -- read_atom() - Cannot scan the atom type (in binary mode).
mplib warning -- MP_Book_C::load() - Failed to read an atom. This atom will be skipped.
mplib error -- read_atom() - Cannot scan the atom type (in binary mode).
mplib warning -- MP_Book_C::load() - Failed to read an atom. This atom will be skipped.
mplib error -- read_atom() - Cannot scan the atom type (in binary mode).
mplib warning -- MP_Book_C::load() - Failed to read an atom. This atom will be skipped.
mplib error -- read_atom() - Cannot scan the atom type (in binary mode).
mplib warning -- MP_Book_C::load() - Failed to read an atom. This atom will be skipped.
mplib error -- read_atom() - Cannot scan the atom type (in binary mode).
mplib warning -- MP_Book_C::load() - Failed to read an atom. This atom will be skipped.
mplib error -- read_atom() - Cannot scan the atom type (in binary mode).
mplib warning -- MP_Book_C::load() - Failed to read an atom. This atom will be skipped.
mplib error -- read_atom() - Cannot scan the atom type (in binary mode).
mplib warning -- MP_Book_C::load() - Failed to read an atom. This atom will be skipped.
mplib error -- read_atom() - Cannot scan the atom type (in binary mode).
mplib warning -- MP_Book_C::load() - Failed to read an atom. This atom will be skipped.
mplib error -- read_atom() - Cannot scan the atom type (in binary mode).
mplib warning -- MP_Book_C::load() - Failed to read an atom. This atom will be skipped.
mplib error -- read_atom() - Cannot scan the atom type (in binary mode).
mplib warning -- MP_Book_C::load() - Failed to read an atom. This atom will be skipped.
mplib error -- read_atom() - Cannot scan the atom type (in binary mode).
mplib warning -- MP_Book_C::load() - Failed to read an atom. This atom will be skipped.
mplib error -- read_atom() - Cannot scan the atom type (in binary mode).
mplib warning -- MP_Book_C::load() - Failed to read an atom. This atom will be skipped.
mplib error -- read_atom() - Cannot scan the atom type (in binary mode).
mplib warning -- MP_Book_C::load() - Failed to read an atom. This atom will be skipped.
mplib error -- read_atom() - Cannot scan the atom type (in binary mode).
mplib warning -- MP_Book_C::load() - Failed to read an atom. This atom will be skipped.
mplib error -- read_atom() - Cannot scan the atom type (in binary mode).
mplib warning -- MP_Book_C::load() - Failed to read an atom. This atom will be skipped.
mplib error -- read_atom() - Cannot scan the atom type (in binary mode).
mplib warning -- MP_Book_C::load() - Failed to read an atom. This atom will be skipped.
mplib error -- read_atom() - Cannot scan the atom type (in binary mode).
mplib warning -- MP_Book_C::load() - Failed to read an atom. This atom will be skipped.
mplib error -- read_atom() - Cannot scan the atom type (in binary mode).
mplib warning -- MP_Book_C::load() - Failed to read an atom. This atom will be skipped.
mplib error -- read_atom() - Cannot scan the atom type (in binary mode).
mplib warning -- MP_Book_C::load() - Failed to read an atom. This atom will be skipped.
mplib error -- read_atom() - Cannot scan the atom type (in binary mode).
mplib warning -- MP_Book_C::load() - Failed to read an atom. This atom will be skipped.
mplib error -- read_atom() - Cannot scan the atom type (in binary mode).
mplib warning -- MP_Book_C::load() - Failed to read an atom. This atom will be skipped.
mplib error -- read_atom() - Cannot scan the atom type (in binary mode).
mplib warning -- MP_Book_C::load() - Failed to read an atom. This atom will be skipped.
mplib error -- read_atom() - Cannot scan the atom type (in binary mode).
mplib warning -- MP_Book_C::load() - Failed to read an atom. This atom will be skipped.
mplib error -- read_atom() - Cannot scan the atom type (in binary mode).
mplib warning -- MP_Book_C::load() - Failed to read an atom. This atom will be skipped.
mplib error -- read_atom() - Cannot scan the atom type (in binary mode).
mplib warning -- MP_Book_C::load() - Failed to read an atom. This atom will be skipped.
mplib error -- read_atom() - Cannot scan the atom type (in binary mode).
mplib warning -- MP_Book_C::load() - Failed to read an atom. This atom will be skipped.
mplib error -- read_atom() - Cannot scan the atom type (in binary mode).
mplib warning -- MP_Book_C::load() - Failed to read an atom. This atom will be skipped.
mplib error -- read_atom() - Cannot scan the atom type (in binary mode).
mplib warning -- MP_Book_C::load() - Failed to read an atom. This atom will be skipped.
mplib error -- read_atom() - Cannot scan the atom type (in binary mode).
mplib warning -- MP_Book_C::load() - Failed to read an atom. This atom will be skipped.
mplib error -- read_atom() - Cannot scan the atom type (in binary mode).
mplib warning -- MP_Book_C::load() - Failed to read an atom. This atom will be skipped.
mplib error -- read_atom() - Cannot scan the atom type (in binary mode).
mplib warning -- MP_Book_C::load() - Failed to read an atom. This atom will be skipped.
mplib error -- read_atom() - Cannot scan the atom type (in binary mode).
mplib warning -- MP_Book_C::load() - Failed to read an atom. This atom will be skipped.
mplib error -- read_atom() - Cannot scan the atom type (in binary mode).
mplib warning -- MP_Book_C::load() - Failed to read an atom. This atom will be skipped.
mplib error -- read_atom() - Cannot scan the atom type (in binary mode).
mplib warning -- MP_Book_C::load() - Failed to read an atom. This atom will be skipped.
mplib error -- read_atom() - Cannot scan the atom type (in binary mode).
mplib warning -- MP_Book_C::load() - Failed to read an atom. This atom will be skipped.
mplib error -- read_atom() - Cannot scan the atom type (in binary mode).
mplib warning -- MP_Book_C::load() - Failed to read an atom. This atom will be skipped.
mplib error -- read_atom() - Cannot scan the atom type (in binary mode).
mplib warning -- MP_Book_C::load() - Failed to read an atom. This atom will be skipped.
mplib error -- read_atom() - Cannot scan the atom type (in binary mode).
mplib warning -- MP_Book_C::load() - Failed to read an atom. This atom will be skipped.
mplib error -- read_atom() - Cannot scan the atom type (in binary mode).
mplib warning -- MP_Book_C::load() - Failed to read an atom. This atom will be skipped.
mplib error -- read_atom() - Cannot scan the atom type (in binary mode).
mplib warning -- MP_Book_C::load() - Failed to read an atom. This atom will be skipped.
mplib error -- read_atom() - Cannot scan the atom type (in binary mode).
mplib warning -- MP_Book_C::load() - Failed to read an atom. This atom will be skipped.
mplib error -- read_atom() - Cannot scan the atom type (in binary mode).
mplib warning -- MP_Book_C::load() - Failed to read an atom. This atom will be skipped.
mplib error -- read_atom() - Cannot scan the atom type (in binary mode).
mplib warning -- MP_Book_C::load() - Failed to read an atom. This atom will be skipped.
mplib error -- read_atom() - Cannot scan the atom type (in binary mode).
mplib warning -- MP_Book_C::load() - Failed to read an atom. This atom will be skipped.
mplib error -- read_atom() - Cannot scan the atom type (in binary mode).
mplib warning -- MP_Book_C::load() - Failed to read an atom. This atom will be skipped.
mplib error -- read_atom() - Cannot scan the atom type (in binary mode).
mplib warning -- MP_Book_C::load() - Failed to read an atom. This atom will be skipped.
mplib error -- read_atom() - Cannot scan the atom type (in binary mode).
mplib warning -- MP_Book_C::load() - Failed to read an atom. This atom will be skipped.
mplib error -- read_atom() - Cannot scan the atom type (in binary mode).
mplib warning -- MP_Book_C::load() - Failed to read an atom. This atom will be skipped.
mplib error -- read_atom() - Cannot scan the atom type (in binary mode).
mplib warning -- MP_Book_C::load() - Failed to read an atom. This atom will be skipped.
mplib error -- read_atom() - Cannot scan the atom type (in binary mode).
mplib warning -- MP_Book_C::load() - Failed to read an atom. This atom will be skipped.
mplib error -- read_atom() - Cannot scan the atom type (in binary mode).
mplib warning -- MP_Book_C::load() - Failed to read an atom. This atom will be skipped.
mplib error -- read_atom() - Cannot scan the atom type (in binary mode).
mplib warning -- MP_Book_C::load() - Failed to read an atom. This atom will be skipped.
mplib error -- read_atom() - Cannot scan the atom type (in binary mode).
mplib warning -- MP_Book_C::load() - Failed to read an atom. This atom will be skipped.
mplib error -- read_atom() - Cannot scan the atom type (in binary mode).
mplib warning -- MP_Book_C::load() - Failed to read an atom. This atom will be skipped.
mplib error -- read_atom() - Cannot scan the atom type (in binary mode).
mplib warning -- MP_Book_C::load() - Failed to read an atom. This atom will be skipped.
mplib error -- read_atom() - Cannot scan the atom type (in binary mode).
mplib warning -- MP_Book_C::load() - Failed to read an atom. This atom will be skipped.
mplib error -- read_atom() - Cannot scan the atom type (in binary mode).
mplib warning -- MP_Book_C::load() - Failed to read an atom. This atom will be skipped.
mplib error -- read_atom() - Cannot scan the atom type (in binary mode).
mplib warning -- MP_Book_C::load() - Failed to read an atom. This atom will be skipped.
mplib error -- read_atom() - Cannot scan the atom type (in binary mode).
mplib warning -- MP_Book_C::load() - Failed to read an atom. This atom will be skipped.
mplib error -- read_atom() - Cannot scan the atom type (in binary mode).
mplib warning -- MP_Book_C::load() - Failed to read an atom. This atom will be skipped.
mplib error -- read_atom() - Cannot scan the atom type (in binary mode).
mplib warning -- MP_Book_C::load() - Failed to read an atom. This atom will be skipped.
mplib error -- read_atom() - Cannot scan the atom type (in binary mode).
mplib warning -- MP_Book_C::load() - Failed to read an atom. This atom will be skipped.
mplib error -- read_atom() - Cannot scan the atom type (in binary mode).
mplib warning -- MP_Book_C::load() - Failed to read an atom. This atom will be skipped.
mplib error -- read_atom() - Cannot scan the atom type (in binary mode).
mplib warning -- MP_Book_C::load() - Failed to read an atom. This atom will be skipped.
mplib error -- read_atom() - Cannot scan the atom type (in binary mode).
mplib warning -- MP_Book_C::load() - Failed to read an atom. This atom will be skipped.
mplib error -- read_atom() - Cannot scan the atom type (in binary mode).
mplib warning -- MP_Book_C::load() - Failed to read an atom. This atom will be skipped.
mplib error -- read_atom() - Cannot scan the atom type (in binary mode).
mplib warning -- MP_Book_C::load() - Failed to read an atom. This atom will be skipped.
mplib error -- read_atom() - Cannot scan the atom type (in binary mode).
mplib warning -- MP_Book_C::load() - Failed to read an atom. This atom will be skipped.
mplib error -- read_atom() - Cannot scan the atom type (in binary mode).
mplib warning -- MP_Book_C::load() - Failed to read an atom. This atom will be skipped.
mplib error -- read_atom() - Cannot scan the atom type (in binary mode).
mplib warning -- MP_Book_C::load() - Failed to read an atom. This atom will be skipped.
mplib error -- read_atom() - Cannot scan the atom type (in binary mode).
mplib warning -- MP_Book_C::load() - Failed to read an atom. This atom will be skipped.
mplib error -- read_atom() - Cannot scan the atom type (in binary mode).
mplib warning -- MP_Book_C::load() - Failed to read an atom. This atom will be skipped.
mplib error -- read_atom() - Cannot scan the atom type (in binary mode).
mplib warning -- MP_Book_C::load() - Failed to read an atom. This atom will be skipped.
mplib error -- read_atom() - Cannot scan the atom type (in binary mode).
mplib warning -- MP_Book_C::load() - Failed to read an atom. This atom will be skipped.
mplib error -- read_atom() - Cannot scan the atom type (in binary mode).
mplib warning -- MP_Book_C::load() - Failed to read an atom. This atom will be skipped.
mplib error -- read_atom() - Cannot scan the atom type (in binary mode).
mplib warning -- MP_Book_C::load() - Failed to read an atom. This atom will be skipped.
mplib error -- read_atom() - Cannot scan the atom type (in binary mode).
mplib warning -- MP_Book_C::load() - Failed to read an atom. This atom will be skipped.
mplib error -- read_atom() - Cannot scan the atom type (in binary mode).
mplib warning -- MP_Book_C::load() - Failed to read an atom. This atom will be skipped.
mplib error -- read_atom() - Cannot read atoms of type 'o'
mplib warning -- MP_Book_C::load() - Failed to read an atom. This atom will be skipped.
mplib error -- read_atom() - Cannot scan the atom type (in binary mode).
mplib warning -- MP_Book_C::load() - Failed to read an atom. This atom will be skipped.
mplib error -- read_atom() - Cannot scan the atom type (in binary mode).
mplib warning -- MP_Book_C::load() - Failed to read an atom. This atom will be skipped.
mplib error -- read_atom() - Cannot scan the atom type (in binary mode).
mplib warning -- MP_Book_C::load() - Failed to read an atom. This atom will be skipped.
mplib error -- read_atom() - Cannot scan the atom type (in binary mode).
mplib warning -- MP_Book_C::load() - Failed to read an atom. This atom will be skipped.
mplib error -- read_atom() - Cannot scan the atom type (in binary mode).
mplib warning -- MP_Book_C::load() - Failed to read an atom. This atom will be skipped.
mplib error -- read_atom() - Cannot scan the atom type (in binary mode).
mplib warning -- MP_Book_C::load() - Failed to read an atom. This atom will be skipped.
mplib error -- read_atom() - Cannot scan the atom type (in binary mode).
mplib warning -- MP_Book_C::load() - Failed to read an atom. This atom will be skipped.
mplib error -- read_atom() - Cannot scan the atom type (in binary mode).
mplib warning -- MP_Book_C::load() - Failed to read an atom. This atom will be skipped.
mplib error -- read_atom() - Cannot scan the atom type (in binary mode).
mplib warning -- MP_Book_C::load() - Failed to read an atom. This atom will be skipped.
mplib error -- read_atom() - Cannot scan the atom type (in binary mode).
mplib warning -- MP_Book_C::load() - Failed to read an atom. This atom will be skipped.
mplib error -- read_atom() - Cannot scan the atom type (in binary mode).
mplib warning -- MP_Book_C::load() - Failed to read an atom. This atom will be skipped.
mplib error -- read_atom() - Cannot scan the atom type (in binary mode).
mplib warning -- MP_Book_C::load() - Failed to read an atom. This atom will be skipped.
mplib error -- read_atom() - Cannot scan the atom type (in binary mode).
mplib warning -- MP_Book_C::load() - Failed to read an atom. This atom will be skipped.
mplib error -- read_atom() - Cannot scan the atom type (in binary mode).
mplib warning -- MP_Book_C::load() - Failed to read an atom. This atom will be skipped.
mplib error -- read_atom() - Cannot scan the atom type (in binary mode).
mplib warning -- MP_Book_C::load() - Failed to read an atom. This atom will be skipped.
mplib error -- read_atom() - Cannot scan the atom type (in binary mode).
mplib warning -- MP_Book_C::load() - Failed to read an atom. This atom will be skipped.
mplib error -- read_atom() - Cannot scan the atom type (in binary mode).
mplib warning -- MP_Book_C::load() - Failed to read an atom. This atom will be skipped.
mplib error -- read_atom() - Cannot scan the atom type (in binary mode).
mplib warning -- MP_Book_C::load() - Failed to read an atom. This atom will be skipped.
mplib error -- read_atom() - Cannot scan the atom type (in binary mode).
mplib warning -- MP_Book_C::load() - Failed to read an atom. This atom will be skipped.
mplib error -- read_atom() - Cannot scan the atom type (in binary mode).
mplib warning -- MP_Book_C::load() - Failed to read an atom. This atom will be skipped.
mplib error -- read_atom() - Cannot scan the atom type (in binary mode).
mplib warning -- MP_Book_C::load() - Failed to read an atom. This atom will be skipped.
mplib error -- read_atom() - Cannot scan the atom type (in binary mode).
mplib warning -- MP_Book_C::load() - Failed to read an atom. This atom will be skipped.
mplib error -- read_atom() - Cannot scan the atom type (in binary mode).
mplib warning -- MP_Book_C::load() - Failed to read an atom. This atom will be skipped.
mplib error -- read_atom() - Cannot scan the atom type (in binary mode).
mplib warning -- MP_Book_C::load() - Failed to read an atom. This atom will be skipped.
mplib error -- read_atom() - Cannot scan the atom type (in binary mode).
mplib warning -- MP_Book_C::load() - Failed to read an atom. This atom will be skipped.
mplib error -- read_atom() - Cannot scan the atom type (in binary mode).
mplib warning -- MP_Book_C::load() - Failed to read an atom. This atom will be skipped.
mplib error -- read_atom() - Cannot scan the atom type (in binary mode).
mplib warning -- MP_Book_C::load() - Failed to read an atom. This atom will be skipped.
mplib error -- read_atom() - Cannot scan the atom type (in binary mode).
mplib warning -- MP_Book_C::load() - Failed to read an atom. This atom will be skipped.
mplib error -- read_atom() - Cannot scan the atom type (in binary mode).
mplib warning -- MP_Book_C::load() - Failed to read an atom. This atom will be skipped.
mplib error -- read_atom() - Cannot scan the atom type (in binary mode).
mplib warning -- MP_Book_C::load() - Failed to read an atom. This atom will be skipped.
mplib error -- read_atom() - Cannot scan the atom type (in binary mode).
mplib warning -- MP_Book_C::load() - Failed to read an atom. This atom will be skipped.
mplib error -- read_atom() - Cannot scan the atom type (in binary mode).
mplib warning -- MP_Book_C::load() - Failed to read an atom. This atom will be skipped.
mplib error -- read_atom() - Cannot scan the atom type (in binary mode).
mplib warning -- MP_Book_C::load() - Failed to read an atom. This atom will be skipped.
mplib error -- read_atom() - Cannot scan the atom type (in binary mode).
mplib warning -- MP_Book_C::load() - Failed to read an atom. This atom will be skipped.
mplib error -- read_atom() - Cannot scan the atom type (in binary mode).
mplib warning -- MP_Book_C::load() - Failed to read an atom. This atom will be skipped.
mplib error -- read_atom() - Cannot scan the atom type (in binary mode).
mplib warning -- MP_Book_C::load() - Failed to read an atom. This atom will be skipped.
mplib error -- read_atom() - Cannot scan the atom type (in binary mode).
mplib warning -- MP_Book_C::load() - Failed to read an atom. This atom will be skipped.
mplib error -- read_atom() - Cannot scan the atom type (in binary mode).
mplib warning -- MP_Book_C::load() - Failed to read an atom. This atom will be skipped.
mplib error -- read_atom() - Cannot scan the atom type (in binary mode).
mplib warning -- MP_Book_C::load() - Failed to read an atom. This atom will be skipped.
mplib error -- read_atom() - Cannot scan the atom type (in binary mode).
mplib warning -- MP_Book_C::load() - Failed to read an atom. This atom will be skipped.
mplib error -- read_atom() - Cannot scan the atom type (in binary mode).
mplib warning -- MP_Book_C::load() - Failed to read an atom. This atom will be skipped.
mplib error -- read_atom() - Cannot scan the atom type (in binary mode).
mplib warning -- MP_Book_C::load() - Failed to read an atom. This atom will be skipped.
mplib error -- read_atom() - Cannot scan the atom type (in binary mode).
mplib warning -- MP_Book_C::load() - Failed to read an atom. This atom will be skipped.
mplib error -- read_atom() - Cannot scan the atom type (in binary mode).
mplib warning -- MP_Book_C::load() - Failed to read an atom. This atom will be skipped.
mplib error -- read_atom() - Cannot scan the atom type (in binary mode).
mplib warning -- MP_Book_C::load() - Failed to read an atom. This atom will be skipped.
mplib error -- read_atom() - Cannot scan the atom type (in binary mode).
mplib warning -- MP_Book_C::load() - Failed to read an atom. This atom will be skipped.
mplib error -- read_atom() - Cannot scan the atom type (in binary mode).
mplib warning -- MP_Book_C::load() - Failed to read an atom. This atom will be skipped.
mplib error -- read_atom() - Cannot scan the atom type (in binary mode).
mplib warning -- MP_Book_C::load() - Failed to read an atom. This atom will be skipped.
mplib error -- read_atom() - Cannot scan the atom type (in binary mode).
mplib warning -- MP_Book_C::load() - Failed to read an atom. This atom will be skipped.
mplib error -- read_atom() - Cannot scan the atom type (in binary mode).
mplib warning -- MP_Book_C::load() - Failed to read an atom. This atom will be skipped.
mplib error -- read_atom() - Cannot scan the atom type (in binary mode).
mplib warning -- MP_Book_C::load() - Failed to read an atom. This atom will be skipped.
mplib error -- read_atom() - Cannot scan the atom type (in binary mode).
mplib warning -- MP_Book_C::load() - Failed to read an atom. This atom will be skipped.
mplib error -- read_atom() - Cannot scan the atom type (in binary mode).
mplib warning -- MP_Book_C::load() - Failed to read an atom. This atom will be skipped.
mplib error -- read_atom() - Cannot scan the atom type (in binary mode).
mplib warning -- MP_Book_C::load() - Failed to read an atom. This atom will be skipped.
mplib error -- read_atom() - Cannot scan the atom type (in binary mode).
mplib warning -- MP_Book_C::load() - Failed to read an atom. This atom will be skipped.
mplib error -- read_atom() - Cannot scan the atom type (in binary mode).
mplib warning -- MP_Book_C::load() - Failed to read an atom. This atom will be skipped.
mplib error -- read_atom() - Cannot scan the atom type (in binary mode).
mplib warning -- MP_Book_C::load() - Failed to read an atom. This atom will be skipped.
mplib error -- read_atom() - Cannot scan the atom type (in binary mode).
mplib warning -- MP_Book_C::load() - Failed to read an atom. This atom will be skipped.
mplib error -- read_atom() - Cannot scan the atom type (in binary mode).
mplib warning -- MP_Book_C::load() - Failed to read an atom. This atom will be skipped.
mplib error -- read_atom() - Cannot scan the atom type (in binary mode).
mplib warning -- MP_Book_C::load() - Failed to read an atom. This atom will be skipped.
mplib error -- read_atom() - Cannot scan the atom type (in binary mode).
mplib warning -- MP_Book_C::load() - Failed to read an atom. This atom will be skipped.
mplib error -- read_atom() - Cannot scan the atom type (in binary mode).
mplib warning -- MP_Book_C::load() - Failed to read an atom. This atom will be skipped.
mplib error -- read_atom() - Cannot scan the atom type (in binary mode).
mplib warning -- MP_Book_C::load() - Failed to read an atom. This atom will be skipped.
mplib error -- read_atom() - Cannot scan the atom type (in binary mode).
mplib warning -- MP_Book_C::load() - Failed to read an atom. This atom will be skipped.
mplib error -- read_atom() - Cannot scan the atom type (in binary mode).
mplib warning -- MP_Book_C::load() - Failed to read an atom. This atom will be skipped.
mplib error -- read_atom() - Cannot scan the atom type (in binary mode).
mplib warning -- MP_Book_C::load() - Failed to read an atom. This atom will be skipped.
mplib error -- read_atom() - Cannot scan the atom type (in binary mode).
mplib warning -- MP_Book_C::load() - Failed to read an atom. This atom will be skipped.
mplib error -- read_atom() - Cannot scan the atom type (in binary mode).
mplib warning -- MP_Book_C::load() - Failed to read an atom. This atom will be skipped.
mplib error -- read_atom() - Cannot scan the atom type (in binary mode).
mplib warning -- MP_Book_C::load() - Failed to read an atom. This atom will be skipped.
mplib error -- read_atom() - Cannot scan the atom type (in binary mode).
mplib warning -- MP_Book_C::load() - Failed to read an atom. This atom will be skipped.
mplib error -- read_atom() - Cannot scan the atom type (in binary mode).
mplib warning -- MP_Book_C::load() - Failed to read an atom. This atom will be skipped.
mplib error -- read_atom() - Cannot scan the atom type (in binary mode).
mplib warning -- MP_Book_C::load() - Failed to read an atom. This atom will be skipped.
mplib error -- read_atom() - Cannot scan the atom type (in binary mode).
mplib warning -- MP_Book_C::load() - Failed to read an atom. This atom will be skipped.
mplib error -- read_atom() - Cannot scan the atom type (in binary mode).
mplib warning -- MP_Book_C::load() - Failed to read an atom. This atom will be skipped.
mplib error -- read_atom() - Cannot scan the atom type (in binary mode).
mplib warning -- MP_Book_C::load() - Failed to read an atom. This atom will be skipped.
mplib error -- read_atom() - Cannot scan the atom type (in binary mode).
mplib warning -- MP_Book_C::load() - Failed to read an atom. This atom will be skipped.
mplib error -- read_atom() - Cannot scan the atom type (in binary mode).
mplib warning -- MP_Book_C::load() - Failed to read an atom. This atom will be skipped.
mplib error -- read_atom() - Cannot scan the atom type (in binary mode).
mplib warning -- MP_Book_C::load() - Failed to read an atom. This atom will be skipped.
mplib error -- read_atom() - Cannot scan the atom type (in binary mode).
mplib warning -- MP_Book_C::load() - Failed to read an atom. This atom will be skipped.
mplib error -- read_atom() - Cannot scan the atom type (in binary mode).
mplib warning -- MP_Book_C::load() - Failed to read an atom. This atom will be skipped.
mplib error -- read_atom() - Cannot scan the atom type (in binary mode).
mplib warning -- MP_Book_C::load() - Failed to read an atom. This atom will be skipped.
mplib error -- read_atom() - Cannot scan the atom type (in binary mode).
mplib warning -- MP_Book_C::load() - Failed to read an atom. This atom will be skipped.
mplib error -- read_atom() - Cannot scan the atom type (in binary mode).
mplib warning -- MP_Book_C::load() - Failed to read an atom. This atom will be skipped.
mplib error -- read_atom() - Cannot scan the atom type (in binary mode).
mplib warning -- MP_Book_C::load() - Failed to read an atom. This atom will be skipped.
mplib error -- read_atom() - Cannot scan the atom type (in binary mode).
mplib warning -- MP_Book_C::load() - Failed to read an atom. This atom will be skipped.
mplib error -- read_atom() - Cannot scan the atom type (in binary mode).
mplib warning -- MP_Book_C::load() - Failed to read an atom. This atom will be skipped.
mplib error -- read_atom() - Cannot scan the atom type (in binary mode).
mplib warning -- MP_Book_C::load() - Failed to read an atom. This atom will be skipped.
mplib error -- read_atom() - Cannot scan the atom type (in binary mode).
mplib warning -- MP_Book_C::load() - Failed to read an atom. This atom will be skipped.
mplib error -- read_atom() - Cannot scan the atom type (in binary mode).
mplib warning -- MP_Book_C::load() - Failed to read an atom. This atom will be skipped.
mplib error -- read_atom() - Cannot scan the atom type (in binary mode).
mplib warning -- MP_Book_C::load() - Failed to read an atom. This atom will be skipped.
mplib error -- read_atom() - Cannot scan the atom type (in binary mode).
mplib warning -- MP_Book_C::load() - Failed to read an atom. This atom will be skipped.
mplib error -- read_atom() - Cannot scan the atom type (in binary mode).
mplib warning -- MP_Book_C::load() - Failed to read an atom. This atom will be skipped.
mplib error -- read_atom() - Cannot scan the atom type (in binary mode).
mplib warning -- MP_Book_C::load() - Failed to read an atom. This atom will be skipped.
mplib error -- read_atom() - Cannot scan the atom type (in binary mode).
mplib warning -- MP_Book_C::load() - Failed to read an atom. This atom will be skipped.
mplib error -- read_atom() - Cannot scan the atom type (in binary mode).
mplib warning -- MP_Book_C::load() - Failed to read an atom. This atom will be skipped.
mplib error -- read_atom() - Cannot scan the atom type (in binary mode).
mplib warning -- MP_Book_C::load() - Failed to read an atom. This atom will be skipped.
mplib error -- read_atom() - Cannot scan the atom type (in binary mode).
mplib warning -- MP_Book_C::load() - Failed to read an atom. This atom will be skipped.
mplib error -- read_atom() - Cannot scan the atom type (in binary mode).
mplib warning -- MP_Book_C::load() - Failed to read an atom. This atom will be skipped.
mplib error -- read_atom() - Cannot scan the atom type (in binary mode).
mplib warning -- MP_Book_C::load() - Failed to read an atom. This atom will be skipped.
mplib error -- read_atom() - Cannot scan the atom type (in binary mode).
mplib warning -- MP_Book_C::load() - Failed to read an atom. This atom will be skipped.
mplib error -- read_atom() - Cannot scan the atom type (in binary mode).
mplib warning -- MP_Book_C::load() - Failed to read an atom. This atom will be skipped.
mplib error -- read_atom() - Cannot scan the atom type (in binary mode).
mplib warning -- MP_Book_C::load() - Failed to read an atom. This atom will be skipped.
mplib error -- read_atom() - Cannot scan the atom type (in binary mode).
mplib warning -- MP_Book_C::load() - Failed to read an atom. This atom will be skipped.
mplib error -- read_atom() - Cannot scan the atom type (in binary mode).
mplib warning -- MP_Book_C::load() - Failed to read an atom. This atom will be skipped.
mplib error -- read_atom() - Cannot scan the atom type (in binary mode).
mplib warning -- MP_Book_C::load() - Failed to read an atom. This atom will be skipped.
mplib error -- read_atom() - Cannot scan the atom type (in binary mode).
mplib warning -- MP_Book_C::load() - Failed to read an atom. This atom will be skipped.
mplib error -- read_atom() - Cannot scan the atom type (in binary mode).
mplib warning -- MP_Book_C::load() - Failed to read an atom. This atom will be skipped.
mplib error -- read_atom() - Cannot scan the atom type (in binary mode).
mplib warning -- MP_Book_C::load() - Failed to read an atom. This atom will be skipped.
mplib error -- read_atom() - Cannot scan the atom type (in binary mode).
mplib warning -- MP_Book_C::load() - Failed to read an atom. This atom will be skipped.
mplib error -- read_atom() - Cannot scan the atom type (in binary mode).
mplib warning -- MP_Book_C::load() - Failed to read an atom. This atom will be skipped.
mplib error -- read_atom() - Cannot scan the atom type (in binary mode).
mplib warning -- MP_Book_C::load() - Failed to read an atom. This atom will be skipped.
mplib error -- read_atom() - Cannot scan the atom type (in binary mode).
mplib warning -- MP_Book_C::load() - Failed to read an atom. This atom will be skipped.
mplib error -- read_atom() - Cannot scan the atom type (in binary mode).
mplib warning -- MP_Book_C::load() - Failed to read an atom. This atom will be skipped.
mplib error -- read_atom() - Cannot scan the atom type (in binary mode).
mplib warning -- MP_Book_C::load() - Failed to read an atom. This atom will be skipped.
mplib error -- read_atom() - Cannot scan the atom type (in binary mode).
mplib warning -- MP_Book_C::load() - Failed to read an atom. This atom will be skipped.
mplib error -- read_atom() - Cannot scan the atom type (in binary mode).
mplib warning -- MP_Book_C::load() - Failed to read an atom. This atom will be skipped.
mplib error -- read_atom() - Cannot scan the atom type (in binary mode).
mplib warning -- MP_Book_C::load() - Failed to read an atom. This atom will be skipped.
mplib error -- read_atom() - Cannot scan the atom type (in binary mode).
mplib warning -- MP_Book_C::load() - Failed to read an atom. This atom will be skipped.
mplib error -- read_atom() - Cannot scan the atom type (in binary mode).
mplib warning -- MP_Book_C::load() - Failed to read an atom. This atom will be skipped.
mplib error -- read_atom() - Cannot scan the atom type (in binary mode).
mplib warning -- MP_Book_C::load() - Failed to read an atom. This atom will be skipped.
mplib error -- read_atom() - Cannot scan the atom type (in binary mode).
mplib warning -- MP_Book_C::load() - Failed to read an atom. This atom will be skipped.
mplib error -- read_atom() - Cannot scan the atom type (in binary mode).
mplib warning -- MP_Book_C::load() - Failed to read an atom. This atom will be skipped.
mplib error -- read_atom() - Cannot scan the atom type (in binary mode).
mplib warning -- MP_Book_C::load() - Failed to read an atom. This atom will be skipped.
mplib error -- read_atom() - Cannot scan the atom type (in binary mode).
mplib warning -- MP_Book_C::load() - Failed to read an atom. This atom will be skipped.
mplib error -- read_atom() - Cannot scan the atom type (in binary mode).
mplib warning -- MP_Book_C::load() - Failed to read an atom. This atom will be skipped.
mplib error -- read_atom() - Cannot scan the atom type (in binary mode).
mplib warning -- MP_Book_C::load() - Failed to read an atom. This atom will be skipped.
mplib error -- read_atom() - Cannot scan the atom type (in binary mode).
mplib warning -- MP_Book_C::load() - Failed to read an atom. This atom will be skipped.
mplib error -- read_atom() - Cannot scan the atom type (in binary mode).
mplib warning -- MP_Book_C::load() - Failed to read an atom. This atom will be skipped.
mplib error -- read_atom() - Cannot scan the atom type (in binary mode).
mplib warning -- MP_Book_C::load() - Failed to read an atom. This atom will be skipped.
mplib error -- read_atom() - Cannot scan the atom type (in binary mode).
mplib warning -- MP_Book_C::load() - Failed to read an atom. This atom will be skipped.
mplib error -- read_atom() - Cannot scan the atom type (in binary mode).
mplib warning -- MP_Book_C::load() - Failed to read an atom. This atom will be skipped.
mplib error -- read_atom() - Cannot scan the atom type (in binary mode).
mplib warning -- MP_Book_C::load() - Failed to read an atom. This atom will be skipped.
mplib error -- read_atom() - Cannot scan the atom type (in binary mode).
mplib warning -- MP_Book_C::load() - Failed to read an atom. This atom will be skipped.
mplib error -- read_atom() - Cannot scan the atom type (in binary mode).
mplib warning -- MP_Book_C::load() - Failed to read an atom. This atom will be skipped.
mplib error -- read_atom() - Cannot scan the atom type (in binary mode).
mplib warning -- MP_Book_C::load() - Failed to read an atom. This atom will be skipped.
mplib error -- read_atom() - Cannot scan the atom type (in binary mode).
mplib warning -- MP_Book_C::load() - Failed to read an atom. This atom will be skipped.
mplib error -- read_atom() - Cannot scan the atom type (in binary mode).
mplib warning -- MP_Book_C::load() - Failed to read an atom. This atom will be skipped.
mplib warning -- MP_Book_C::load() - Could not find the </book> tag. (1 atoms added, 353 atoms expected.)
mpf msg -- Out of the [1] original atoms, [0] atoms satisfy the required properties.
mpf msg -- Out of the [1] original atoms, [1] atoms DO NOT satisfy the required properties.
