mptk WARNING -- MP_Atom_c::satisfies(...) - Unknown field. Returning TRUE.
mptk WARNING -- MP_Atom_c::satisfies(...) - Unknown field. Returning TRUE.
mptk WARNING -- MP_Atom_c::satisfies(...) - Unknown field. Returning TRUE.
mptk WARNING -- MP_Atom_c::satisfies(...) - Unknown field. Returning TRUE.
mptk WARNING -- MP_Atom_c::satisfies(...) - Unknown field. Returning TRUE.
mptk WARNING -- MP_Atom_c::satisfies(...) - Unknown field. Returning TRUE.
mptk WARNING -- MP_Atom_c::satisfies(...) - Unknown field. Returning TRUE.
mptk WARNING -- MP_Atom_c::satisfies(...) - Unknown field. Returning TRUE.
mptk WARNING -- MP_Atom_c::satisfies(...) - Unknown field. Returning TRUE.
mptk WARNING -- MP_Atom_c::satisfies(...) - Unknown field. Returning TRUE.
mptk WARNING -- MP_Atom_c::satisfies(...) - Unknown field. Returning TRUE.
mptk WARNING -- MP_Atom_c::satisfies(...) - Unknown field. Returning TRUE.
mptk WARNING -- MP_Atom_c::satisfies(...) - Unknown field. Returning TRUE.
mptk WARNING -- MP_Atom_c::satisfies(...) - Unknown field. Returning TRUE.
mptk WARNING -- MP_Atom_c::satisfies(...) - Unknown field. Returning TRUE.
mptk WARNING -- MP_Atom_c::satisfies(...) - Unknown field. Returning TRUE.
mptk WARNING -- MP_Atom_c::satisfies(...) - Unknown field. Returning TRUE.
mptk WARNING -- MP_Atom_c::satisfies(...) - Unknown field. Returning TRUE.
mptk WARNING -- MP_Atom_c::satisfies(...) - Unknown field. Returning TRUE.
mptk WARNING -- MP_Atom_c::satisfies(...) - Unknown field. Returning TRUE.
mptk WARNING -- MP_Atom_c::satisfies(...) - Unknown field. Returning TRUE.
mptk WARNING -- MP_Atom_c::satisfies(...) - Unknown field. Returning TRUE.
mptk WARNING -- MP_Atom_c::satisfies(...) - Unknown field. Returning TRUE.
mptk WARNING -- MP_Atom_c::satisfies(...) - Unknown field. Returning TRUE.
mptk WARNING -- MP_Atom_c::satisfies(...) - Unknown field. Returning TRUE.
mptk WARNING -- MP_Atom_c::satisfies(...) - Unknown field. Returning TRUE.
mptk WARNING -- MP_Atom_c::satisfies(...) - Unknown field. Returning TRUE.
mptk WARNING -- MP_Atom_c::satisfies(...) - Unknown field. Returning TRUE.
mptk WARNING -- MP_Atom_c::satisfies(...) - Unknown field. Returning TRUE.
mptk WARNING -- MP_Atom_c::satisfies(...) - Unknown field. Returning TRUE.
mptk WARNING -- MP_Atom_c::satisfies(...) - Unknown field. Returning TRUE.
mptk WARNING -- MP_Atom_c::satisfies(...) - Unknown field. Returning TRUE.
mptk WARNING -- MP_Atom_c::satisfies(...) - Unknown field. Returning TRUE.
mptk WARNING -- MP_Atom_c::satisfies(...) - Unknown field. Returning TRUE.
mptk WARNING -- MP_Atom_c::satisfies(...) - Unknown field. Returning TRUE.
mptk WARNING -- MP_Atom_c::satisfies(...) - Unknown field. Returning TRUE.
mptk WARNING -- MP_Atom_c::satisfies(...) - Unknown field. Returning TRUE.
mptk WARNING -- MP_Atom_c::satisfies(...) - Unknown field. Returning TRUE.
mptk WARNING -- MP_Atom_c::satisfies(...) - Unknown field. Returning TRUE.
mptk WARNING -- MP_Atom_c::satisfies(...) - Unknown field. Returning TRUE.
mptk WARNING -- MP_Atom_c::satisfies(...) - Unknown field. Returning TRUE.
mptk WARNING -- MP_Atom_c::satisfies(...) - Unknown field. Returning TRUE.
mptk WARNING -- MP_Atom_c::satisfies(...) - Unknown field. Returning TRUE.
mptk WARNING -- MP_Atom_c::satisfies(...) - Unknown field. Returning TRUE.
mptk INFO -- mpf - Out of the [1036] original atoms, [33] atoms satisfy the required properties.
mptk INFO -- mpf - Out of the [1036] original atoms, [1003] atoms DO NOT satisfy the required properties.
